// Jest Snapshot v1, https://goo.gl/fbAQLP

exports[`<Action /> renders correctly 1`] = `
<ContextConsumer>
  <Component />
</ContextConsumer>
`;

exports[`<Container /> renders correctly 1`] = `
<ContextConsumer>
  <Component />
</ContextConsumer>
`;

exports[`<Input /> renders correctly 1`] = `
<ContextConsumer>
  <Component />
</ContextConsumer>
`;
