// Jest Snapshot v1, https://goo.gl/fbAQLP

exports[`<Search /> renders correctly 1`] = `
<Boundary>
  <Styled(WithStyles(Paper))
    elevation={1}
  >
    <Styled(WithStyles(WithFormControlContext(InputBase)))
      onChange={[Function]}
      placeholder="this is a placeholder"
      value=""
    />
    <Styled(WithStyles(IconButton))
      aria-label="Search"
      onClick={[Function]}
      title="Search"
    >
      <pure(SearchIcon) />
    </Styled(WithStyles(IconButton))>
  </Styled(WithStyles(Paper))>
</Boundary>
`;
