// Jest Snapshot v1, https://goo.gl/fbAQLP

exports[`<DetailPanel /> renders correctly with data 1`] = `
<Boundary>
  <Styled(WithStyles(Paper))>
    <Styled(div)>
      <pure(PersonIcon) />
      Profile
    </Styled(div)>
    <Styled(div)>
      <CSSTransitionGroup
        transitionAppear={true}
        transitionAppearTimeout={200}
        transitionEnter={true}
        transitionEnterTimeout={200}
        transitionLeave={true}
        transitionLeaveTimeout={200}
        transitionName="fade"
      >
        <Styled(div)>
          undefined undefined
        </Styled(div)>
        <Styled(div)
          key="company"
        />
        <Styled(div)
          key="mobileNumber"
        />
        <Styled(div)
          key="emailAddress"
        />
      </CSSTransitionGroup>
    </Styled(div)>
    <Styled(div)>
      <WithStyles(Button)
        onClick={[Function]}
        variant="contained"
      >
        <pure(KeyboardArrowLeftIcon) />
         Back
      </WithStyles(Button)>
      <Styled(div)>
        <WithStyles(Button)
          className="detail-panel-edit-button"
          color="primary"
          onClick={[Function]}
          variant="contained"
        >
          <pure(EditIcon) />
           Edit
        </WithStyles(Button)>
        <WithStyles(Button)
          className="detail-panel-add-visit-button"
          color="primary"
          onClick={[Function]}
          variant="contained"
        >
          <pure(HotelIcon) />
           
          Add Visit
        </WithStyles(Button)>
      </Styled(div)>
    </Styled(div)>
  </Styled(WithStyles(Paper))>
</Boundary>
`;

exports[`<DetailPanel /> renders correctly with no data 1`] = `
<Boundary>
  <Styled(WithStyles(Paper))>
    <Styled(div)>
      <pure(PersonIcon) />
      Profile
    </Styled(div)>
    <Styled(div)>
      <CSSTransitionGroup
        transitionAppear={true}
        transitionAppearTimeout={200}
        transitionEnter={true}
        transitionEnterTimeout={200}
        transitionLeave={true}
        transitionLeaveTimeout={200}
        transitionName="fade"
      >
        <Styled(div)>
          undefined undefined
        </Styled(div)>
        <Styled(div)
          key="company"
        />
        <Styled(div)
          key="mobileNumber"
        />
        <Styled(div)
          key="emailAddress"
        />
      </CSSTransitionGroup>
    </Styled(div)>
    <Styled(div)>
      <WithStyles(Button)
        onClick={[Function]}
        variant="contained"
      >
        <pure(KeyboardArrowLeftIcon) />
         Back
      </WithStyles(Button)>
      <Styled(div)>
        <WithStyles(Button)
          className="detail-panel-edit-button"
          color="primary"
          onClick={[Function]}
          variant="contained"
        >
          <pure(EditIcon) />
           Edit
        </WithStyles(Button)>
        <WithStyles(Button)
          className="detail-panel-add-visit-button"
          color="primary"
          onClick={[Function]}
          variant="contained"
        >
          <pure(HotelIcon) />
           
          Add Visit
        </WithStyles(Button)>
      </Styled(div)>
    </Styled(div)>
  </Styled(WithStyles(Paper))>
</Boundary>
`;
