// Jest Snapshot v1, https://goo.gl/fbAQLP

exports[`<ManageTags /> handles API errors 1`] = `
<Layout>
  <Boundary>
    <inject-ManageTagsPanel-with-profiles-routing-visits
      addTag={[Function]}
    />
  </Boundary>
</Layout>
`;

exports[`<ManageTags /> renders correctly 1`] = `
<Layout>
  <Boundary>
    <inject-ManageTagsPanel-with-profiles-routing-visits
      addTag={[Function]}
    />
  </Boundary>
</Layout>
`;

exports[`<ManageTags /> renders correctly when data is loading 1`] = `
<Layout>
  <Boundary>
    <inject-ManageTagsPanel-with-profiles-routing-visits
      addTag={[Function]}
    />
  </Boundary>
</Layout>
`;

exports[`<ManageTags /> renders correctly when visit status is loading 1`] = `
<Layout>
  <Boundary>
    <inject-ManageTagsPanel-with-profiles-routing-visits
      addTag={[Function]}
    />
  </Boundary>
</Layout>
`;
