// Jest Snapshot v1, https://goo.gl/fbAQLP

exports[`<Action /> renders correctly 1`] = `
<ContextConsumer>
  <Component />
</ContextConsumer>
`;

exports[`<ActionBar /> renders correctly 1`] = `
<ContextConsumer>
  <Component />
</ContextConsumer>
`;

exports[`<ActionIcon /> renders correctly 1`] = `
<ContextConsumer>
  <Component />
</ContextConsumer>
`;

exports[`<SearchWrapper /> renders correctly 1`] = `
<ContextConsumer>
  <Component />
</ContextConsumer>
`;

exports[`<Title /> renders correctly 1`] = `
<ContextConsumer>
  <Component />
</ContextConsumer>
`;
