// Jest Snapshot v1, https://goo.gl/fbAQLP

exports[`<urls /> renders correctly 1`] = `
Object {
  "archetypes": "/archetypes.json",
  "lockGroups": "get_lock_groups.json",
  "profiles": "/profiles.json",
  "visits": "https://csi-dev.thecollective.com/ac-api/visit",
}
`;

exports[`<variables /> renders correctly 1`] = `
Object {
  "archetypeColor": "#a4d8f1",
  "columnSize": 80,
  "componentBackground": "#ececec",
  "componentBackgroundClear": "#fff",
  "dangerColor": "#f72b2b",
  "gutter": "1rem",
  "headerFontSize": "1.2rem",
  "indentation": "0.3rem",
  "lineHeightComponentTitle": "2",
  "primaryColor": "#b53f79",
  "roomColor": "#eff180",
  "spacer": "2px solid #999",
  "tagColor": "#b4dec7",
  "visitDateFromColor": "#999",
  "visitDateToColor": "#999",
}
`;
