// Jest Snapshot v1, https://goo.gl/fbAQLP

exports[`<Content /> renders correctly 1`] = `
<ContextConsumer>
  <Component />
</ContextConsumer>
`;

exports[`<Header /> renders correctly 1`] = `
<ContextConsumer>
  <Component />
</ContextConsumer>
`;

exports[`<Item /> renders correctly 1`] = `
<ContextConsumer>
  <Component />
</ContextConsumer>
`;

exports[`<MenuHeader /> renders correctly 1`] = `
<ContextConsumer>
  <Component />
</ContextConsumer>
`;

exports[`<Wrapper /> renders correctly 1`] = `
<ContextConsumer>
  <Component />
</ContextConsumer>
`;
