// Jest Snapshot v1, https://goo.gl/fbAQLP

exports[`<VisitDetail /> handles API errors 1`] = `
<Layout>
  <Boundary>
    <Component
      component="div"
      loaded={true}
      loadedClassName="loadedContent"
      parentClassName="loader"
    >
      <inject-ViewVisitPanel-with-profiles-routing-visits />
    </Component>
  </Boundary>
</Layout>
`;

exports[`<VisitDetail /> renders correctly 1`] = `
<Layout>
  <Boundary>
    <Component
      component="div"
      loaded={true}
      loadedClassName="loadedContent"
      parentClassName="loader"
    >
      <inject-ViewVisitPanel-with-profiles-routing-visits />
    </Component>
  </Boundary>
</Layout>
`;

exports[`<VisitDetail /> renders correctly when NEW Profile 1`] = `
<Layout>
  <Boundary>
    <Component
      component="div"
      loaded={true}
      loadedClassName="loadedContent"
      parentClassName="loader"
    >
      <inject-ViewVisitPanel-with-profiles-routing-visits />
    </Component>
  </Boundary>
</Layout>
`;

exports[`<VisitDetail /> renders correctly when data is loading 1`] = `
<Layout>
  <Boundary>
    <Component
      component="div"
      loaded={true}
      loadedClassName="loadedContent"
      parentClassName="loader"
    >
      <inject-ViewVisitPanel-with-profiles-routing-visits />
    </Component>
  </Boundary>
</Layout>
`;
