// Jest Snapshot v1, https://goo.gl/fbAQLP

exports[`<ProfileDetail /> handles API errors 1`] = `
<Layout>
  <inject-ErrorMessage-with-routing />
</Layout>
`;

exports[`<ProfileDetail /> renders correctly 1`] = `
<Layout>
  <Component
    component="div"
    loaded={true}
    loadedClassName="loadedContent"
    parentClassName="loader"
  >
    <inject-DetailPanel-with-profiles-routing-visits
      callback={[Function]}
    />
    <VisitsPanel
      visits={
        Array [
          Object {
            "archetypeIds": Array [],
            "fromDate": "2015-03-23T11:00:00Z",
            "id": "d3aa88e2-c754-41e0-8ba6-4198a34aa0a2",
            "lockGroups": Array [
              "Default",
              "Boiler",
              "1.11",
            ],
            "tags": Array [
              "123123",
              "234234",
              "345345",
            ],
            "toDate": "2015-11-25T12:00:00Z",
          },
        ]
      }
    />
  </Component>
</Layout>
`;

exports[`<ProfileDetail /> renders correctly when NEW Profile 1`] = `
<Layout>
  <Component
    component="div"
    loaded={true}
    loadedClassName="loadedContent"
    parentClassName="loader"
  >
    <inject-DetailPanel-with-profiles-routing-visits
      callback={[Function]}
    />
    <VisitsPanel
      visits={
        Array [
          Object {
            "archetypeIds": Array [],
            "fromDate": "2015-03-23T11:00:00Z",
            "id": "d3aa88e2-c754-41e0-8ba6-4198a34aa0a2",
            "lockGroups": Array [
              "Default",
              "Boiler",
              "1.11",
            ],
            "tags": Array [
              "123123",
              "234234",
              "345345",
            ],
            "toDate": "2015-11-25T12:00:00Z",
          },
        ]
      }
    />
  </Component>
</Layout>
`;

exports[`<ProfileDetail /> renders correctly when data is loading 1`] = `
<Layout>
  <Component
    component="div"
    loaded={true}
    loadedClassName="loadedContent"
    parentClassName="loader"
  >
    <inject-DetailPanel-with-profiles-routing-visits
      callback={[Function]}
    />
    <VisitsPanel
      visits={
        Array [
          Object {
            "archetypeIds": Array [],
            "fromDate": "2015-03-23T11:00:00Z",
            "id": "d3aa88e2-c754-41e0-8ba6-4198a34aa0a2",
            "lockGroups": Array [
              "Default",
              "Boiler",
              "1.11",
            ],
            "tags": Array [
              "123123",
              "234234",
              "345345",
            ],
            "toDate": "2015-11-25T12:00:00Z",
          },
        ]
      }
    />
  </Component>
</Layout>
`;

exports[`<ProfileDetail /> renders correctly when on create mode 1`] = `
<Layout>
  <Component
    component="div"
    loaded={true}
    loadedClassName="loadedContent"
    parentClassName="loader"
  >
    <inject-DetailPanel-with-profiles-routing-visits
      callback={[Function]}
    />
    <VisitsPanel
      visits={
        Array [
          Object {
            "archetypeIds": Array [],
            "fromDate": "2015-03-23T11:00:00Z",
            "id": "d3aa88e2-c754-41e0-8ba6-4198a34aa0a2",
            "lockGroups": Array [
              "Default",
              "Boiler",
              "1.11",
            ],
            "tags": Array [
              "123123",
              "234234",
              "345345",
            ],
            "toDate": "2015-11-25T12:00:00Z",
          },
        ]
      }
    />
  </Component>
</Layout>
`;

exports[`<ProfileDetail /> renders correctly when on edit mode 1`] = `
<Layout>
  <Component
    component="div"
    loaded={true}
    loadedClassName="loadedContent"
    parentClassName="loader"
  >
    <inject-DetailPanel-with-profiles-routing-visits
      callback={[Function]}
    />
    <VisitsPanel
      visits={
        Array [
          Object {
            "archetypeIds": Array [],
            "fromDate": "2015-03-23T11:00:00Z",
            "id": "d3aa88e2-c754-41e0-8ba6-4198a34aa0a2",
            "lockGroups": Array [
              "Default",
              "Boiler",
              "1.11",
            ],
            "tags": Array [
              "123123",
              "234234",
              "345345",
            ],
            "toDate": "2015-11-25T12:00:00Z",
          },
        ]
      }
    />
  </Component>
</Layout>
`;
