// Jest Snapshot v1, https://goo.gl/fbAQLP

exports[`<ManageCustomAccess /> handles API errors 1`] = `<inject-ErrorMessage-with-routing />`;

exports[`<ManageCustomAccess /> renders correctly 1`] = `
<Layout>
  <Boundary>
    <inject-ManageCustomAccessPanel-with-profiles-routing-visits-lockGroups
      addAccessFn={[Function]}
    />
  </Boundary>
</Layout>
`;

exports[`<ManageCustomAccess /> renders correctly when data is loading 1`] = `
<Layout>
  <Boundary>
    <inject-ManageCustomAccessPanel-with-profiles-routing-visits-lockGroups
      addAccessFn={[Function]}
    />
  </Boundary>
</Layout>
`;
