// Jest Snapshot v1, https://goo.gl/fbAQLP

exports[`<ArchetypesContainer /> renders correctly 1`] = `
<ContextConsumer>
  <Component />
</ContextConsumer>
`;

exports[`<DateContainer /> renders correctly 1`] = `
<ContextConsumer>
  <Component />
</ContextConsumer>
`;

exports[`<PickersContainer /> renders correctly 1`] = `
<ContextConsumer>
  <Component />
</ContextConsumer>
`;

exports[`<Title /> renders correctly 1`] = `
<ContextConsumer>
  <Component />
</ContextConsumer>
`;

exports[`<Wrapper /> renders correctly 1`] = `
<ContextConsumer>
  <Component />
</ContextConsumer>
`;
